// Jest Snapshot v1, https://goo.gl/fbAQLP

exports[`<PhotoDiv /> matches snapshot 1`] = `
<div
  class="z-10 fixed flex flex-col items-center bg-zinc-50 border shadow -mt-16 sm:-mt-0 sm:p-4 rounded"
  data-testid="photo-div"
  tabindex="-1"
>
  <button
    class="p-1 rounded self-end m-1 hover:text-zinc-500"
  >
    Close
  </button>
  <div
    class=""
  >
    <img
      alt="mockAlt"
      data-nimg="1"
      decoding="async"
      height="100"
      loading="lazy"
      src="/_next/image?url=%2Fmock.jpg&w=256&q=75"
      srcset="/_next/image?url=%2Fmock.jpg&w=128&q=75 1x, /_next/image?url=%2Fmock.jpg&w=256&q=75 2x"
      style="color: transparent;"
      title="mockTitle"
      width="100"
    />
  </div>
  <p
    class="my-4"
  >
    mockTitle
  </p>
</div>
`;
