// Jest Snapshot v1, https://goo.gl/fbAQLP

exports[`<Header /> matches snapshot 1`] = `
<div
  class="justify-between font-display transition duration-500 ease-out fixed  bg-white z-30 h-14 w-screen top-0 flex flex-row-reverse md:flex-row  items-center  shadow fill-zinc-300 text-black"
  data-testid="header"
>
  <div
    class="hidden md:flex w-screen  flex-row  justify-end pr-4"
  >
    <button
      class=" p-4 m-2 text-lg font-light hover:cursor-pointer active:text-zinc-400"
      data-testid="home-btn"
    >
      Home
    </button>
    <div />
    <div />
    <div />
  </div>
  <button
    class="fill-black m-2 hover:fill-orange-500 active:fill-orange-400  md:hidden "
    data-testid="menu-icon"
  >
    <svg
      class="m-2"
      height="22"
      width="30"
    >
      <rect
        height="2"
        rx="2"
        style="transform: scaleX(1) translate(0px, 0px) rotate(0deg);"
        width="30"
      />
      <rect
        height="2"
        rx="2"
        style="opacity: 1;"
        width="30"
        y="8"
      />
      <rect
        height="2"
        rx="2"
        style="transform: scaleX(1) translate(0px, 0px) rotate(0deg);"
        width="30"
        y="17"
      />
    </svg>
  </button>
</div>
`;
